;##########   Mesh Convergence Study   ##########;
/file/set-tuiversion "20.1"

/file/read-case "SE_Nozzle_1.3M.cas.h5"

;##########   MODEL & SOLVER SETTINGS   ##########;
/define/models/viscous/kw-sst yes

;##########   Set Steady State Form   ##########;
/define/models/steady yes ;STEADY STATE

;##########   SET TRANSIENT FORM  ##########;
;/define/models/u2ob yes ;UNSTEADY 2ND ORDER BOUNDED TRANSIENT FORMULATION

;##########   INCOMPRESSIBLE FLOW:: PRESSURE BASED SOLVER  ##########;
/define/models/solver/pressure-based yes

;##########   USER DEFINED MEMORY ##########;
/define/user-defined/user-defined-memory 5

;##########   UDF Compile ##########;
/define/user-defined/compiled-functions compile libudf yes "CY_Hemolysis_UDF.c" "" "udf.h" ""
/define/user-defined/compiled-functions load libudf

;##########   Hook Function ##########;
/define/user-defined/function-hooks/adjust "BloodDamage::libudf" ""

;##########   User Defined Scalar ##########;
/define/user-defined/user-defined-scalars 2 no no yes "mass flow rate" yes "mass flow rate"

;##########   CHANGE AIR TO BLOOD & UDS Diffusivity  ##########;
/define/materials/change-create air blood yes constant 1056 no no yes constant 0.0035 no no yes defined-per-uds 0 constant 0 1 constant 0 -1 no yes

;##########   Velocity Inlet Named Expression  ##########;
/define/named-expressions/import-from-tsv /work_bgfs/j/jtarriela/FDA_Nozzle/SE_Mesh_Conv/named_expression_6500.tsv
/define/named-expressions/edit flowrate definition "6.76811E-005 [m^3/s]" ()

;##########   Velocity Inlet Boundary Conditions  ##########;
/define/boundary-conditions/velocity-inlet inlet no no yes yes no "velocity_profile" no 0 no no no yes 6 0.012 no yes no yes no 0 no 0

;##########   Pressure Outlet Boundary Conditions  ##########;
/define/boundary-conditions/pressure-outlet outlet yes no 0 no yes no no yes 4 0.012 yes yes no 0 no 0 yes no no no

;##########   Cell Zone Def Rotor Rotation & Source Terms ##########;
/define/boundary-conditions/fluid nozzle no yes 0 0 0 0 0 0 1 no yes "GW_model::libudf" 1 no yes "GW_HO::libudf" no no no 0 no 0 no 0 no 0 no 0 no 0 no no no no no no

;##########   DefineWall Roughness, Wall Flux  ##########;
/define/boundary-conditions/wall wall no no no no 0.0000006 no 0.5 yes yes no 0 no 0

;### SET SOLVER ###; -- current run: COUPLED
/solve/set/p-v-coupling 24 ;Coupled
/solve/set/pseudo-transient yes yes 1 1 0

;##########   FOR SIMPLE & COUPLED SOLVER   ##########;
/solve/set/discretization-scheme/pressure 12 ;SECOND ORDER PRESSURE
/solve/set/discretization-scheme/mom 1 ;SECOND ORDER MOMENTUM
/solve/set/discretization-scheme/k 1 ;SECOND ORDER TURBULENT KINETIC ENERGY
/solve/set/discretization-scheme/omega 1 ;SECOND ORDER SPECIFIC DISSIPATION RATE
/solve/set/discretization-scheme/uds-0 1 ;SECOND ORDER DISCRETIZATION
/solve/set/discretization-scheme/uds-1 1 ;SECOND ORDER DISCRETIZATION


;##########   LINE SURFACES   ##########;
/surface/line-surface quadrant-1 0 0 0.006562 0.0214  -0.0214  0.006562
/surface/line-surface quadrant-2 0 0 0.006562 -0.0214  -0.0214  0.006562

/surface/line-surface line_n64 0 -.012 -.064 0 .012 -.064
/surface/line-surface line_n48 0 -.012 -.048 0 .012 -.048
/surface/line-surface line_n20 0 -.012 -.020 0 .012 -.020
/surface/line-surface line_n8 0 -.012 -.008 0 .012 -.008
/surface/line-surface line_0 0 -.012 0 0 .012 0
/surface/line-surface line_8 0 -.012 .008 0 .012 .008
/surface/line-surface line_12 0 -.012 .016 0 .012 .016
/surface/line-surface line_24 0 -.012 .024 0 .012 .024
/surface/line-surface line_32 0 -.012 .032 0 .012 .032
/surface/line-surface line_60 0 -.012 .060 0 .012 .060
/surface/line-surface line_80 0 -.012 .080 0 .012 .080

/surface/line-surface center_axis 0 0 -1 0 0 1






;##########   PLANE SURFACES   ##########;
/surface/plane/neutral-zy yz-plane 0
/surface/plane/neutral-zx zx-plane 0

/surface/plane/zx-0.00575 zx-plane -0.00575
/surface/plane/zx-0.0055 zx-plane -0.0055
/surface/plane/zx-0.00525 zx-plane -0.00525
/surface/plane/zx-0.005 zx-plane -0.005
/surface/plane/zx-0.00475 zx-plane -0.00475
/surface/plane/zx-0.0045 zx-plane -0.0045
/surface/plane/zx-0.00425 zx-plane -0.00425
/surface/plane/zx-0.004 zx-plane -0.004
/surface/plane/zx-0.00375 zx-plane -0.00375
/surface/plane/zx-0.0035 zx-plane -0.0035
/surface/plane/zx-0.00325 zx-plane -0.00325
/surface/plane/zx-0.003 zx-plane -0.003
/surface/plane/zx-0.00275 zx-plane -0.00275
/surface/plane/zx-0.0025 zx-plane -0.0025
/surface/plane/zx-0.00225 zx-plane -0.00225
/surface/plane/zx-0.002 zx-plane -0.002
/surface/plane/zx-0.00175 zx-plane -0.00175
/surface/plane/zx-0.0015 zx-plane -0.0015
/surface/plane/zx-0.00125 zx-plane -0.00125
/surface/plane/zx-0.001 zx-plane -0.001
/surface/plane/zx-0.000745 zx-plane -0.000745
/surface/plane/zx-0.0005 zx-plane -0.0005
/surface/plane/zx-0.00025 zx-plane -0.00025
/surface/plane/zx0 zx-plane 0
/surface/plane/zx+0.00025 zx-plane 0.00025
/surface/plane/zx+0.0005 zx-plane 0.0005
/surface/plane/zx+0.00075 zx-plane 0.00075
/surface/plane/zx+0.001 zx-plane 0.001
/surface/plane/zx+0.00125 zx-plane 0.00125
/surface/plane/zx+0.0015 zx-plane 0.0015
/surface/plane/zx+0.00175 zx-plane 0.00175
/surface/plane/zx+0.002 zx-plane 0.002
/surface/plane/zx+0.00225 zx-plane 0.00225
/surface/plane/zx+0.0025 zx-plane 0.0025
/surface/plane/zx+0.00275 zx-plane 0.00275
/surface/plane/zx+0.003 zx-plane 0.003
/surface/plane/zx+0.00325 zx-plane 0.00325
/surface/plane/zx+0.0035 zx-plane 0.0035
/surface/plane/zx+0.00375 zx-plane 0.00375
/surface/plane/zx+0.004 zx-plane 0.004
/surface/plane/zx+0.00425 zx-plane 0.00425
/surface/plane/zx+0.0045 zx-plane 0.0045
/surface/plane/zx+0.00475 zx-plane 0.00475
/surface/plane/zx+0.005 zx-plane 0.005
/surface/plane/zx+0.00525 zx-plane 0.00525
/surface/plane/zx+0.0055 zx-plane 0.0055
/surface/plane/zx+0.00575 zx-plane 0.00575

/surface/plane/yz-0.00575 yz-plane -0.00575
/surface/plane/yz-0.0055 yz-plane -0.0055
/surface/plane/yz-0.00525 yz-plane -0.00525
/surface/plane/yz-0.005 yz-plane -0.005
/surface/plane/yz-0.00475 yz-plane -0.00475
/surface/plane/yz-0.0045 yz-plane -0.0045
/surface/plane/yz-0.00425 yz-plane -0.00425
/surface/plane/yz-0.004 yz-plane -0.004
/surface/plane/yz-0.00375 yz-plane -0.00375
/surface/plane/yz-0.0035 yz-plane -0.0035
/surface/plane/yz-0.00325 yz-plane -0.00325
/surface/plane/yz-0.003 yz-plane -0.003
/surface/plane/yz-0.00275 yz-plane -0.00275
/surface/plane/yz-0.0025 yz-plane -0.0025
/surface/plane/yz-0.00225 yz-plane -0.00225
/surface/plane/yz-0.002 yz-plane -0.002
/surface/plane/yz-0.00175 yz-plane -0.00175
/surface/plane/yz-0.0015 yz-plane -0.0015
/surface/plane/yz-0.00125 yz-plane -0.00125
/surface/plane/yz-0.001 yz-plane -0.001
/surface/plane/yz-0.000745 yz-plane -0.000745
/surface/plane/yz-0.0005 yz-plane -0.0005
/surface/plane/yz-0.00025 yz-plane -0.00025
/surface/plane/yz0 yz-plane 0
/surface/plane/yz+0.00025 yz-plane 0.00025
/surface/plane/yz+0.0005 yz-plane 0.0005
/surface/plane/yz+0.00075 yz-plane 0.00075
/surface/plane/yz+0.001 yz-plane 0.001
/surface/plane/yz+0.00125 yz-plane 0.00125
/surface/plane/yz+0.0015 yz-plane 0.0015
/surface/plane/yz+0.00175 yz-plane 0.00175
/surface/plane/yz+0.002 yz-plane 0.002
/surface/plane/yz+0.00225 yz-plane 0.00225
/surface/plane/yz+0.0025 yz-plane 0.0025
/surface/plane/yz+0.00275 yz-plane 0.00275
/surface/plane/yz+0.003 yz-plane 0.003
/surface/plane/yz+0.00325 yz-plane 0.00325
/surface/plane/yz+0.0035 yz-plane 0.0035
/surface/plane/yz+0.00375 yz-plane 0.00375
/surface/plane/yz+0.004 yz-plane 0.004
/surface/plane/yz+0.00425 yz-plane 0.00425
/surface/plane/yz+0.0045 yz-plane 0.0045
/surface/plane/yz+0.00475 yz-plane 0.00475
/surface/plane/yz+0.005 yz-plane 0.005
/surface/plane/yz+0.00525 yz-plane 0.00525
/surface/plane/yz+0.0055 yz-plane 0.0055
/surface/plane/yz+0.00575 yz-plane 0.00575


/surface/plane/xy+0.1325 xy-plane 0.1325
/surface/plane/xy+0.13 xy-plane 0.13
/surface/plane/xy+0.1275 xy-plane 0.1275
/surface/plane/xy+0.125 xy-plane 0.125
/surface/plane/xy+0.1225 xy-plane 0.1225
/surface/plane/xy+0.12 xy-plane 0.12
/surface/plane/xy+0.1175 xy-plane 0.1175
/surface/plane/xy+0.115 xy-plane 0.115
/surface/plane/xy+0.1125 xy-plane 0.1125
/surface/plane/xy+0.11 xy-plane 0.11
/surface/plane/xy+0.1075 xy-plane 0.1075
/surface/plane/xy+0.105 xy-plane 0.105
/surface/plane/xy+0.1025 xy-plane 0.1025
/surface/plane/xy+0.1 xy-plane 0.1
/surface/plane/xy+0.0975 xy-plane 0.0975
/surface/plane/xy+0.095 xy-plane 0.095
/surface/plane/xy+0.0925 xy-plane 0.0925
/surface/plane/xy+0.09 xy-plane 0.09
/surface/plane/xy+0.0875 xy-plane 0.0875
/surface/plane/xy+0.085 xy-plane 0.085
/surface/plane/xy+0.0825 xy-plane 0.0825
/surface/plane/xy+0.08 xy-plane 0.08
/surface/plane/xy+0.0775 xy-plane 0.0775
/surface/plane/xy+0.075 xy-plane 0.075
/surface/plane/xy+0.0725 xy-plane 0.0725
/surface/plane/xy+0.07 xy-plane 0.07
/surface/plane/xy+0.0675 xy-plane 0.0675
/surface/plane/xy+0.065 xy-plane 0.065
/surface/plane/xy+0.0625 xy-plane 0.0625
/surface/plane/xy+0.06 xy-plane 0.06
/surface/plane/xy+0.0575 xy-plane 0.0575
/surface/plane/xy+0.055 xy-plane 0.055
/surface/plane/xy+0.0525 xy-plane 0.0525
/surface/plane/xy+0.05 xy-plane 0.05
/surface/plane/xy+0.0475 xy-plane 0.0475
/surface/plane/xy+0.045 xy-plane 0.045
/surface/plane/xy+0.045 xy-plane 0.045
/surface/plane/xy+0.04 xy-plane 0.04
/surface/plane/xy+0.0375 xy-plane 0.0375
/surface/plane/xy+0.035 xy-plane 0.035
/surface/plane/xy+0.0325 xy-plane 0.0325
/surface/plane/xy+0.03 xy-plane 0.03
/surface/plane/xy+0.0275 xy-plane 0.0275
/surface/plane/xy+0.025 xy-plane 0.025
/surface/plane/xy+0.0225 xy-plane 0.0225
/surface/plane/xy+0.02 xy-plane 0.02
/surface/plane/xy+0.0175 xy-plane 0.0175
/surface/plane/xy+0.015 xy-plane 0.015
/surface/plane/xy+0.0125 xy-plane 0.0125
/surface/plane/xy+0.01 xy-plane 0.01
/surface/plane/xy+0.0075 xy-plane 0.0075
/surface/plane/xy+0.005 xy-plane 0.005
/surface/plane/xy+0.0025 xy-plane 0.0025
/surface/plane/xy0 xy-plane 0
/surface/plane/xy-0.0025 xy-plane -0.0025
/surface/plane/xy-0.005 xy-plane -0.005
/surface/plane/xy-0.0075 xy-plane -0.0075
/surface/plane/xy-0.01 xy-plane -0.01
/surface/plane/xy-0.0125 xy-plane -0.0125
/surface/plane/xy-0.015 xy-plane -0.015
/surface/plane/xy-0.0175 xy-plane -0.0175
/surface/plane/xy-0.02 xy-plane -0.02
/surface/plane/xy-0.0225 xy-plane -0.0225
/surface/plane/xy-0.025 xy-plane -0.025
/surface/plane/xy-0.0275 xy-plane -0.0275
/surface/plane/xy-0.03 xy-plane -0.03
/surface/plane/xy-0.0325 xy-plane -0.0325
/surface/plane/xy-0.035 xy-plane -0.035
/surface/plane/xy-0.0375 xy-plane -0.0375
/surface/plane/xy-0.04 xy-plane -0.04
/surface/plane/xy-0.0425 xy-plane -0.0425
/surface/plane/xy-0.045 xy-plane -0.045
/surface/plane/xy-0.0475 xy-plane -0.0475
/surface/plane/xy-0.05 xy-plane -0.05
/surface/plane/xy-0.0525 xy-plane -0.0525
/surface/plane/xy-0.055 xy-plane -0.055
/surface/plane/xy-0.0575 xy-plane -0.0575
/surface/plane/xy-0.06 xy-plane -0.06
/surface/plane/xy-0.0625 xy-plane -0.0625
/surface/plane/xy-0.065 xy-plane -0.065
/surface/plane/xy-0.0675 xy-plane -0.0675
/surface/plane/xy-0.07 xy-plane -0.07
/surface/plane/xy-0.0725 xy-plane -0.0725
/surface/plane/xy-0.075 xy-plane -0.075
/surface/plane/xy-0.0775 xy-plane -0.0775
/surface/plane/xy-0.08 xy-plane -0.08
/surface/plane/xy-0.0825 xy-plane -0.0825
/surface/plane/xy-0.085 xy-plane -0.085
/surface/plane/xy-0.0875 xy-plane -0.0875
/surface/plane/xy-0.09 xy-plane -0.09
/surface/plane/xy-0.0925 xy-plane -0.0925
/surface/plane/xy-0.095 xy-plane -0.095
/surface/plane/xy-0.0975 xy-plane -0.0975
/surface/plane/xy-0.1 xy-plane -0.1
/surface/plane/xy-0.1025 xy-plane -0.1025
/surface/plane/xy-0.105 xy-plane -0.105
/surface/plane/xy-0.1075 xy-plane -0.1075
/surface/plane/xy-0.11 xy-plane -0.11
/surface/plane/xy-0.1125 xy-plane -0.1125
/surface/plane/xy-0.115 xy-plane -0.115
/surface/plane/xy-0.1175 xy-plane -0.1175
/surface/plane/xy-0.12 xy-plane -0.12
/surface/plane/xy-0.1225 xy-plane -0.1225
/surface/plane/xy-0.125 xy-plane -0.125
/surface/plane/xy-0.1275 xy-plane -0.1275
/surface/plane/xy-0.13 xy-plane -0.13
/surface/plane/xy-0.1325 xy-plane -0.1325
/surface/plane/xy-0.135 xy-plane -0.135
/surface/plane/xy-0.1375 xy-plane -0.1375
/surface/plane/xy-0.14 xy-plane -0.14
/surface/plane/xy-0.1425 xy-plane -0.1425
/surface/plane/xy-0.145 xy-plane -0.145
/surface/plane/xy-0.1475 xy-plane -0.1475
/surface/plane/xy-0.15 xy-plane -0.15
/surface/plane/xy-0.1525 xy-plane -0.1525
/surface/plane/xy-0.155 xy-plane -0.155
/surface/plane/xy-0.1575 xy-plane -0.1575
/surface/plane/xy-0.16 xy-plane -0.16
/surface/plane/xy-0.1625 xy-plane -0.1625
/surface/plane/xy-0.165 xy-plane -0.165
/surface/plane/xy-0.1675 xy-plane -0.1675
/surface/plane/xy-0.17 xy-plane -0.17
/surface/plane/xy-0.1725 xy-plane -0.1725
/surface/plane/xy-0.175 xy-plane -0.175
/surface/plane/xy-0.1775 xy-plane -0.1775
/surface/plane/xy-0.18 xy-plane -0.18
/surface/plane/xy-0.1825 xy-plane -0.1825
/surface/plane/xy-0.185 xy-plane -0.185
/surface/plane/xy-0.1875 xy-plane -0.1875
/surface/plane/xy-0.19 xy-plane -0.19
/surface/plane/xy-0.1925 xy-plane -0.1925

;##########   Point SURFACES   ##########;
/surface/point-surface point-a 0 0 0
/surface/point-surface point-b 0 0 -0.008
/surface/point-surface point-c 0 0 .008
/surface/point-surface point-d 0 0 .032


: ##### Point Monitors ######
/solve/report-definitions/add point-tau_vm-a surface-vertexavg surface-names point-a () field udm-0 ()
/solve/report-definitions/add point-tau_vm-b surface-vertexavg surface-names point-b () field udm-0 ()
/solve/report-definitions/add point-tau_vm-c surface-vertexavg surface-names point-c () field udm-0 ()
/solve/report-definitions/add point-tau_vm-d surface-vertexavg surface-names point-d () field udm-0 ()


/solve/report-definitions/add point-pressure-a surface-vertexavg surface-names point-a () field pressure ()
/solve/report-definitions/add point-pressure-b surface-vertexavg surface-names point-b () field pressure ()
/solve/report-definitions/add point-pressure-c surface-vertexavg surface-names point-c () field pressure ()
/solve/report-definitions/add point-pressure-d surface-vertexavg surface-names point-d () field pressure ()


/solve/report-definitions/add point-shear-a surface-vertexavg surface-names point-a () field strain-rate-mag ()
/solve/report-definitions/add point-shear-b surface-vertexavg surface-names point-b () field strain-rate-mag ()
/solve/report-definitions/add point-shear-c surface-vertexavg surface-names point-c () field strain-rate-mag ()
/solve/report-definitions/add point-shear-d surface-vertexavg surface-names point-d () field strain-rate-mag ()


/solve/report-definitions/add point-GW-a surface-vertexavg surface-names point-a () field uds-0-scalar ()
/solve/report-definitions/add point-GW-b surface-vertexavg surface-names point-b () field uds-0-scalar ()
/solve/report-definitions/add point-GW-c surface-vertexavg surface-names point-c () field uds-0-scalar ()
/solve/report-definitions/add point-GW-d surface-vertexavg surface-names point-d () field uds-0-scalar ()


/solve/report-definitions/add point-vel-a surface-vertexavg surface-names point-a () field velocity-magnitude ()
/solve/report-definitions/add point-vel-b surface-vertexavg surface-names point-b () field velocity-magnitude ()
/solve/report-definitions/add point-vel-c surface-vertexavg surface-names point-c () field velocity-magnitude ()
/solve/report-definitions/add point-vel-d surface-vertexavg surface-names point-d () field velocity-magnitude ()



; ### Report point files

/solve/report-files/add/point-pressure-a  active yes frequency 1 print no report-defs point-pressure-a () file-name point-pressure-a ()
/solve/report-files/add/point-pressure-b  active yes frequency 1 print no report-defs point-pressure-b () file-name point-pressure-b ()
/solve/report-files/add/point-pressure-c  active yes frequency 1 print no report-defs point-pressure-c () file-name point-pressure-c ()
/solve/report-files/add/point-pressure-d  active yes frequency 1 print no report-defs point-pressure-d () file-name point-pressure-d ()


/solve/report-files/add/point-shear-a  active yes frequency 1 print no report-defs point-shear-a () file-name point-shear-a ()
/solve/report-files/add/point-shear-b  active yes frequency 1 print no report-defs point-shear-b () file-name point-shear-b ()
/solve/report-files/add/point-shear-c  active yes frequency 1 print no report-defs point-shear-c () file-name point-shear-c ()
/solve/report-files/add/point-shear-d  active yes frequency 1 print no report-defs point-shear-d () file-name point-shear-d ()


/solve/report-files/add/point-GW-a  active yes frequency 1 print no report-defs point-GW-a () file-name point-GW-a ()
/solve/report-files/add/point-GW-b  active yes frequency 1 print no report-defs point-GW-b () file-name point-GW-b ()
/solve/report-files/add/point-GW-c  active yes frequency 1 print no report-defs point-GW-c () file-name point-GW-c ()
/solve/report-files/add/point-GW-d  active yes frequency 1 print no report-defs point-GW-d () file-name point-GW-d ()


/solve/report-files/add/point-vel-a  active yes frequency 1 print no report-defs point-vel-a () file-name point-vel-a ()
/solve/report-files/add/point-vel-b  active yes frequency 1 print no report-defs point-vel-b () file-name point-vel-b ()
/solve/report-files/add/point-vel-c  active yes frequency 1 print no report-defs point-vel-c () file-name point-vel-c ()
/solve/report-files/add/point-vel-d  active yes frequency 1 print no report-defs point-vel-d () file-name point-vel-d ()


/solve/report-files/add/point-tau_vm-a active yes frequency 1 print no report-defs point-tau_vm-a () file-name point-tau_vm-a ()
/solve/report-files/add/point-tau_vm-b active yes frequency 1 print no report-defs point-tau_vm-b () file-name point-tau_vm-b ()
/solve/report-files/add/point-tau_vm-c active yes frequency 1 print no report-defs point-tau_vm-c () file-name point-tau_vm-c ()
/solve/report-files/add/point-tau_vm-d active yes frequency 1 print no report-defs point-tau_vm-d () file-name point-tau_vm-d ()



;##########
/define/custom-field-functions/define "time_scale" cell_volume^(1/3)/(velocity_magnitude + 0.000000000000001)
/define/custom-field-functions/define "integral_length_scale" turb_kinetic_energy * sqrt(turb_kinetic_energy)/(turb_diss_rate+0.000000000000001)
/define/custom-field-functions/define "l0_to_delta_ratio" integral_length_scale / cell_volume^(1/3)

;##########   Convergence Criteria   ##########;
/solve/monitors/residual/convergence-criteria 0.0001 0.0001 0.0001 0.0001 0.000 0.0001  0.00001 0.00001

;##########   Report Definition Monitors   ##########;
/solve/report-definitions/add p-in surface-areaavg surface-names inlet () field total-pressure ()
/solve/report-definitions/add mass-flux flux-massflow zone-names inlet outlet () ()
/solve/report-definitions/add gw-hemolysis surface-massavg surface-names outlet () field uds-0-scalar ()
/solve/report-definitions/add eds-hemolysis surface-massavg surface-names outlet () field uds-1-scalar ()


;##########   Report Files   ##########;
/solve/report-files/add/p-in active yes frequency 1 print yes report-defs p-in () file-name pressure-in ()
/solve/report-files/add/mass-flux active yes frequency 1 print yes report-defs mass-flux () file-name mass-flux ()
/solve/report-files/add/gw-hemolysis active yes frequency 1 print yes report-defs gw-hemolysis () file-name gw-hemolysis ()
/solve/report-files/add/gw-eds-hemolysis active yes frequency 1 print yes report-defs eds-hemolysis () file-name eds-hemolysis ()

;##########   Disable UDS Equations   ##########;
/solve/set/equations uds-0 no
/solve/set/equations uds-1 no

/solve set warped-face-gradient-correction enable? yes yes

;##########   INITIALIZE CASE   ##########;
/solve/initialize/hyb-initialization


;##########   Solve Steady State   ##########;
/file/auto-save/data-frequency 200
/solve/iterate/3500

/parallel/timer/usage

/solve/set/equations uds-0 yes
/solve/set/equations uds-1 yes
/parallel/timer/usage

/file/write-case-data "SE_1.3_SS.cas.h5"

quit
